\src\components\FAQ.jsx L2: no-unused-vars
\src\components\Header.jsx L5: no-unused-vars
\src\components\Header.jsx L26: react-hooks/set-state-in-effect
\src\components\ServiceCard.jsx L2: no-unused-vars
\src\components\StatsCounter.jsx L1: no-unused-vars
\src\components\TestimonialCard.jsx L1: no-unused-vars
\src\components\ThemeToggle.jsx L4: no-unused-vars
\src\context\ThemeContext.jsx L27: react-refresh/only-export-components
\src\pages\About.jsx L1: no-unused-vars
\src\pages\Contact.jsx L1: no-unused-vars
\src\pages\Home.jsx L3: no-unused-vars
\src\pages\Home.jsx L32: no-unused-vars
\src\pages\Home.jsx L34: no-unused-vars
\src\pages\Home.jsx L37: react-hooks/purity
\src\pages\Home.jsx L38: react-hooks/purity
\src\pages\Locations.jsx L2: no-unused-vars
\src\pages\Locations.jsx L127: no-unused-vars
\src\pages\Portfolio.jsx L3: no-unused-vars
\src\pages\Services.jsx L2: no-unused-vars
\src\pages\Services.jsx L49: react-hooks/purity
\src\pages\Services.jsx L50: react-hooks/purity
\src\pages\StateLanding.jsx L2: no-unused-vars